#@ 1 i j k l il jl kl
 -104 14 12 10 152 42 4 74 
#@ 1 i j k l il jl kl
 -104 14 12 10 152 42 4 74
