1 ir/arba 2 octanionas yra tusčias, patikrinkite Jūsų duomėnis
