2 octanionas nera sudarytas iš 8 dalių, patikrinkite Jūsų duomėnis
