#@ 1 i j k l il jl kl
 -104 14 12 10 152 42 4 74 
#@ 1 i j k l il jl kl
 -104 32 48 64 -64 60 112 56
