2 octanione buvo atrastas netinkamas simbolius, naudokite tik skaičius ir patikrinkite Jūsų duomėnis
